TAP version 13
# Subtest: scope artifact acceptance verifies declared exports and committed child evidence
    # Subtest: identical recommit preserves bytes and binds schema and child receipt hash
    ok 1 - identical recommit preserves bytes and binds schema and child receipt hash
      ---
      duration_ms: 40.207208
      type: 'test'
      ...
    # Subtest: rejects output that violates inferred schema before publication
    ok 2 - rejects output that violates inferred schema before publication
      ---
      duration_ms: 7.204
      type: 'test'
      ...
    # Subtest: rejects schema-valid output that disagrees with export binding
    ok 3 - rejects schema-valid output that disagrees with export binding
      ---
      duration_ms: 6.562792
      type: 'test'
      ...
    # Subtest: rejects incomplete child set
    ok 4 - rejects incomplete child set
      ---
      duration_ms: 4.385833
      type: 'test'
      ...
    # Subtest: rejects absent accepted child receipts despite completed projection
    ok 5 - rejects absent accepted child receipts despite completed projection
      ---
      duration_ms: 5.868375
      type: 'test'
      ...
    # Subtest: rejects corrupted child output
    ok 6 - rejects corrupted child output
      ---
      duration_ms: 4.888916
      type: 'test'
      ...
    # Subtest: rejects corrupted child receipt
    ok 7 - rejects corrupted child receipt
      ---
      duration_ms: 4.971167
      type: 'test'
      ...
    # Subtest: parent refuses nested scope evidence whose child provenance was corrupted
    not ok 8 - parent refuses nested scope evidence whose child provenance was corrupted
      ---
      duration_ms: 9.894041
      type: 'test'
      location: '/Users/bharath2020/Documents/projects/steward/tests/scope-artifacts.test.ts:2:6792'
      failureType: 'testCodeFailure'
      error: 'Missing expected rejection.'
      code: 'ERR_ASSERTION'
      name: 'AssertionError'
      expected:
      operator: 'rejects'
      stack: |-
        async TestContext.<anonymous> (/Users/bharath2020/Documents/projects/steward/tests/scope-artifacts.test.ts:92:5)
        async Test.run (node:internal/test_runner/test:1054:7)
        async TestContext.<anonymous> (/Users/bharath2020/Documents/projects/steward/tests/scope-artifacts.test.ts:85:3)
        async Test.run (node:internal/test_runner/test:1054:7)
        async startSubtestAfterBootstrap (node:internal/test_runner/harness:296:3)
      ...
    # Subtest: refuses to replace corrupted committed scope evidence
    ok 9 - refuses to replace corrupted committed scope evidence
      ---
      duration_ms: 8.933375
      type: 'test'
      ...
    1..9
not ok 1 - scope artifact acceptance verifies declared exports and committed child evidence
  ---
  duration_ms: 103.729083
  type: 'test'
  location: '/Users/bharath2020/Documents/projects/steward/tests/scope-artifacts.test.ts:2:1184'
  failureType: 'subtestsFailed'
  error: '1 subtest failed'
  code: 'ERR_TEST_FAILURE'
  ...
1..1
# tests 10
# suites 0
# pass 8
# fail 2
# cancelled 0
# skipped 0
# todo 0
# duration_ms 267.608833
