TAP version 13
# Subtest: scope artifact acceptance verifies declared exports and committed child evidence
    # Subtest: identical recommit preserves bytes and binds schema and child receipt hash
    ok 1 - identical recommit preserves bytes and binds schema and child receipt hash
      ---
      duration_ms: 39.737417
      type: 'test'
      ...
    # Subtest: rejects output that violates inferred schema before publication
    ok 2 - rejects output that violates inferred schema before publication
      ---
      duration_ms: 6.610458
      type: 'test'
      ...
    # Subtest: rejects schema-valid output that disagrees with export binding
    ok 3 - rejects schema-valid output that disagrees with export binding
      ---
      duration_ms: 7.326
      type: 'test'
      ...
    # Subtest: rejects incomplete child set
    ok 4 - rejects incomplete child set
      ---
      duration_ms: 4.580375
      type: 'test'
      ...
    # Subtest: rejects absent accepted child receipts despite completed projection
    ok 5 - rejects absent accepted child receipts despite completed projection
      ---
      duration_ms: 5.761417
      type: 'test'
      ...
    # Subtest: rejects corrupted child output
    ok 6 - rejects corrupted child output
      ---
      duration_ms: 5.414042
      type: 'test'
      ...
    # Subtest: rejects corrupted child receipt
    ok 7 - rejects corrupted child receipt
      ---
      duration_ms: 4.615833
      type: 'test'
      ...
    # Subtest: scope binds the terminal loop receipt when iterations return identical values
    ok 8 - scope binds the terminal loop receipt when iterations return identical values
      ---
      duration_ms: 10.424834
      type: 'test'
      ...
    # Subtest: corrupt superseded receipt does not replace or invalidate valid terminal evidence
    not ok 9 - corrupt superseded receipt does not replace or invalidate valid terminal evidence
      ---
      duration_ms: 8.799209
      type: 'test'
      location: '/Users/bharath2020/Documents/projects/steward/tests/scope-artifacts.test.ts:2:7978'
      failureType: 'testCodeFailure'
      error: 'Corrupt child receipt scope~1.leaf'
      code: 'ERR_TEST_FAILURE'
      stack: |-
        commitScopeIteration (/Users/bharath2020/Documents/projects/steward/src/scope-artifacts.ts:85:172)
        async TestContext.<anonymous> (/Users/bharath2020/Documents/projects/steward/tests/scope-artifacts.test.ts:100:5)
        async Test.run (node:internal/test_runner/test:1054:7)
        async TestContext.<anonymous> (/Users/bharath2020/Documents/projects/steward/tests/scope-artifacts.test.ts:97:3)
        async Test.run (node:internal/test_runner/test:1054:7)
        async startSubtestAfterBootstrap (node:internal/test_runner/harness:296:3)
      ...
    # Subtest: earlier equal output cannot replace a missing terminal loop receipt
    ok 10 - earlier equal output cannot replace a missing terminal loop receipt
      ---
      duration_ms: 10.060083
      type: 'test'
      ...
    # Subtest: parent refuses nested scope evidence whose child provenance was corrupted
    ok 11 - parent refuses nested scope evidence whose child provenance was corrupted
      ---
      duration_ms: 6.971459
      type: 'test'
      ...
    # Subtest: refuses to replace corrupted committed scope evidence
    ok 12 - refuses to replace corrupted committed scope evidence
      ---
      duration_ms: 9.068334
      type: 'test'
      ...
    1..12
not ok 1 - scope artifact acceptance verifies declared exports and committed child evidence
  ---
  duration_ms: 128.978333
  type: 'test'
  location: '/Users/bharath2020/Documents/projects/steward/tests/scope-artifacts.test.ts:2:1184'
  failureType: 'subtestsFailed'
  error: '1 subtest failed'
  code: 'ERR_TEST_FAILURE'
  ...
1..1
# tests 13
# suites 0
# pass 11
# fail 2
# cancelled 0
# skipped 0
# todo 0
# duration_ms 295.949
